[2026-01-23T16:44:30.028+0000] {manager.py:469} INFO - Processing files using up to 2 processes at a time 
[2026-01-23T16:44:30.028+0000] {manager.py:470} INFO - Process each file at most once every 30 seconds
[2026-01-23T16:44:30.029+0000] {manager.py:471} INFO - Checking for new files in /opt/airflow/dags every 300 seconds
[2026-01-23T16:44:30.030+0000] {manager.py:738} INFO - Searching for files in /opt/airflow/dags
[2026-01-23T16:44:30.033+0000] {manager.py:741} INFO - There are 0 files in /opt/airflow/dags
[2026-01-23T16:49:30.097+0000] {manager.py:738} INFO - Searching for files in /opt/airflow/dags
[2026-01-23T16:49:30.110+0000] {manager.py:741} INFO - There are 3 files in /opt/airflow/dags
[2026-01-23T16:49:32.470+0000] {manager.py:879} INFO - 
================================================================================
DAG File Processing Stats

File Path                                PID  Runtime      # DAGs    # Errors  Last Runtime    Last Run
-------------------------------------  -----  ---------  --------  ----------  --------------  -------------------
/opt/airflow/dags/gold_processing.py                            0           1  0.12s           2026-01-23T16:49:30
/opt/airflow/dags/ml_training.py                                0           1  0.36s           2026-01-23T16:49:30
/opt/airflow/dags/bronze_ingestion.py    216  2.20s             0           0
================================================================================
[2026-01-23T16:50:03.195+0000] {manager.py:879} INFO - 
================================================================================
DAG File Processing Stats

File Path                                PID  Runtime      # DAGs    # Errors  Last Runtime    Last Run
-------------------------------------  -----  ---------  --------  ----------  --------------  -------------------
/opt/airflow/dags/gold_processing.py                            0           1  0.13s           2026-01-23T16:50:01
/opt/airflow/dags/ml_training.py                                0           1  0.23s           2026-01-23T16:50:01
/opt/airflow/dags/bronze_ingestion.py    242  0.00s             0           1  2.63s           2026-01-23T16:49:32
================================================================================
[2026-01-23T16:50:33.618+0000] {manager.py:879} INFO - 
================================================================================
DAG File Processing Stats

File Path                              PID    Runtime      # DAGs    # Errors  Last Runtime    Last Run
-------------------------------------  -----  ---------  --------  ----------  --------------  -------------------
/opt/airflow/dags/gold_processing.py                            0           1  0.14s           2026-01-23T16:50:31
/opt/airflow/dags/ml_training.py                                0           1  0.36s           2026-01-23T16:50:31
/opt/airflow/dags/bronze_ingestion.py                           0           1  1.21s           2026-01-23T16:50:04
================================================================================
[2026-01-23T16:51:04.108+0000] {manager.py:879} INFO - 
================================================================================
DAG File Processing Stats

File Path                              PID    Runtime      # DAGs    # Errors  Last Runtime    Last Run
-------------------------------------  -----  ---------  --------  ----------  --------------  -------------------
/opt/airflow/dags/gold_processing.py                            0           1  0.07s           2026-01-23T16:51:02
/opt/airflow/dags/ml_training.py                                0           1  0.16s           2026-01-23T16:51:02
/opt/airflow/dags/bronze_ingestion.py                           0           1  0.09s           2026-01-23T16:50:35
================================================================================
[2026-01-23T16:51:34.299+0000] {manager.py:879} INFO - 
================================================================================
DAG File Processing Stats

File Path                              PID    Runtime      # DAGs    # Errors  Last Runtime    Last Run
-------------------------------------  -----  ---------  --------  ----------  --------------  -------------------
/opt/airflow/dags/gold_processing.py                            0           1  0.10s           2026-01-23T16:51:32
/opt/airflow/dags/ml_training.py                                0           1  0.22s           2026-01-23T16:51:32
/opt/airflow/dags/bronze_ingestion.py                           0           1  0.10s           2026-01-23T16:51:25
================================================================================
[2026-01-23T16:52:05.120+0000] {manager.py:879} INFO - 
================================================================================
DAG File Processing Stats

File Path                              PID    Runtime      # DAGs    # Errors  Last Runtime    Last Run
-------------------------------------  -----  ---------  --------  ----------  --------------  -------------------
/opt/airflow/dags/gold_processing.py                            0           1  0.15s           2026-01-23T16:52:03
/opt/airflow/dags/ml_training.py                                0           1  0.25s           2026-01-23T16:52:03
/opt/airflow/dags/bronze_ingestion.py                           0           1  0.07s           2026-01-23T16:51:54
================================================================================
[2026-01-23T16:52:35.404+0000] {manager.py:879} INFO - 
================================================================================
DAG File Processing Stats

File Path                                PID  Runtime      # DAGs    # Errors  Last Runtime    Last Run
-------------------------------------  -----  ---------  --------  ----------  --------------  -------------------
/opt/airflow/dags/gold_processing.py                            0           1  0.10s           2026-01-23T16:52:33
/opt/airflow/dags/ml_training.py                                0           1  0.21s           2026-01-23T16:52:33
/opt/airflow/dags/bronze_ingestion.py    381  0.00s             0           1  0.09s           2026-01-23T16:52:32
================================================================================
[2026-01-23T16:53:05.806+0000] {manager.py:879} INFO - 
================================================================================
DAG File Processing Stats

File Path                              PID    Runtime      # DAGs    # Errors  Last Runtime    Last Run
-------------------------------------  -----  ---------  --------  ----------  --------------  -------------------
/opt/airflow/dags/gold_processing.py                            0           1  0.09s           2026-01-23T16:53:03
/opt/airflow/dags/ml_training.py                                0           1  0.17s           2026-01-23T16:53:03
/opt/airflow/dags/bronze_ingestion.py                           0           1  0.81s           2026-01-23T16:52:56
================================================================================
[2026-01-23T16:53:36.010+0000] {manager.py:879} INFO - 
================================================================================
DAG File Processing Stats

File Path                              PID    Runtime      # DAGs    # Errors  Last Runtime    Last Run
-------------------------------------  -----  ---------  --------  ----------  --------------  -------------------
/opt/airflow/dags/gold_processing.py                            0           1  0.09s           2026-01-23T16:53:33
/opt/airflow/dags/ml_training.py                                0           1  0.17s           2026-01-23T16:53:34
/opt/airflow/dags/bronze_ingestion.py                           1           0  0.92s           2026-01-23T16:53:21
================================================================================
[2026-01-23T16:54:06.398+0000] {manager.py:879} INFO - 
================================================================================
DAG File Processing Stats

File Path                              PID    Runtime      # DAGs    # Errors  Last Runtime    Last Run
-------------------------------------  -----  ---------  --------  ----------  --------------  -------------------
/opt/airflow/dags/gold_processing.py                            0           1  0.14s           2026-01-23T16:54:04
/opt/airflow/dags/ml_training.py                                0           1  0.23s           2026-01-23T16:54:04
/opt/airflow/dags/bronze_ingestion.py                           1           0  0.72s           2026-01-23T16:53:52
================================================================================
[2026-01-23T16:54:30.262+0000] {manager.py:738} INFO - Searching for files in /opt/airflow/dags
[2026-01-23T16:54:30.288+0000] {manager.py:741} INFO - There are 3 files in /opt/airflow/dags
[2026-01-23T16:54:36.768+0000] {manager.py:879} INFO - 
================================================================================
DAG File Processing Stats

File Path                              PID    Runtime      # DAGs    # Errors  Last Runtime    Last Run
-------------------------------------  -----  ---------  --------  ----------  --------------  -------------------
/opt/airflow/dags/gold_processing.py                            0           1  0.11s           2026-01-23T16:54:34
/opt/airflow/dags/ml_training.py                                0           1  0.20s           2026-01-23T16:54:34
/opt/airflow/dags/bronze_ingestion.py                           1           0  0.72s           2026-01-23T16:54:24
================================================================================
[2026-01-23T16:55:07.068+0000] {manager.py:879} INFO - 
================================================================================
DAG File Processing Stats

File Path                              PID    Runtime      # DAGs    # Errors  Last Runtime    Last Run
-------------------------------------  -----  ---------  --------  ----------  --------------  -------------------
/opt/airflow/dags/gold_processing.py                            0           1  0.10s           2026-01-23T16:55:05
/opt/airflow/dags/ml_training.py                                0           1  0.20s           2026-01-23T16:55:05
/opt/airflow/dags/bronze_ingestion.py                           0           1  0.78s           2026-01-23T16:54:57
================================================================================
[2026-01-23T16:55:37.633+0000] {manager.py:879} INFO - 
================================================================================
DAG File Processing Stats

File Path                              PID    Runtime      # DAGs    # Errors  Last Runtime    Last Run
-------------------------------------  -----  ---------  --------  ----------  --------------  -------------------
/opt/airflow/dags/gold_processing.py                            0           1  0.08s           2026-01-23T16:55:35
/opt/airflow/dags/ml_training.py                                0           1  0.16s           2026-01-23T16:55:35
/opt/airflow/dags/bronze_ingestion.py                           0           1  0.63s           2026-01-23T16:55:31
================================================================================
[2026-01-23T16:56:07.969+0000] {manager.py:879} INFO - 
================================================================================
DAG File Processing Stats

File Path                              PID    Runtime      # DAGs    # Errors  Last Runtime    Last Run
-------------------------------------  -----  ---------  --------  ----------  --------------  -------------------
/opt/airflow/dags/gold_processing.py                            0           1  0.10s           2026-01-23T16:56:05
/opt/airflow/dags/ml_training.py                                0           1  0.21s           2026-01-23T16:56:06
/opt/airflow/dags/bronze_ingestion.py                           0           1  0.59s           2026-01-23T16:56:02
================================================================================
[2026-01-23T16:56:38.327+0000] {manager.py:879} INFO - 
================================================================================
DAG File Processing Stats

File Path                              PID    Runtime      # DAGs    # Errors  Last Runtime    Last Run
-------------------------------------  -----  ---------  --------  ----------  --------------  -------------------
/opt/airflow/dags/gold_processing.py                            0           1  0.08s           2026-01-23T16:56:36
/opt/airflow/dags/ml_training.py                                0           1  0.17s           2026-01-23T16:56:36
/opt/airflow/dags/bronze_ingestion.py                           0           1  1.66s           2026-01-23T16:56:34
================================================================================
[2026-01-23T16:57:08.653+0000] {manager.py:879} INFO - 
================================================================================
DAG File Processing Stats

File Path                              PID    Runtime      # DAGs    # Errors  Last Runtime    Last Run
-------------------------------------  -----  ---------  --------  ----------  --------------  -------------------
/opt/airflow/dags/gold_processing.py                            0           1  0.08s           2026-01-23T16:57:06
/opt/airflow/dags/ml_training.py                                0           1  0.19s           2026-01-23T16:57:06
/opt/airflow/dags/bronze_ingestion.py                           0           1  0.65s           2026-01-23T16:57:06
================================================================================
[2026-01-23T16:57:39.055+0000] {manager.py:879} INFO - 
================================================================================
DAG File Processing Stats

File Path                                PID  Runtime      # DAGs    # Errors  Last Runtime    Last Run
-------------------------------------  -----  ---------  --------  ----------  --------------  -------------------
/opt/airflow/dags/gold_processing.py                            0           1  0.08s           2026-01-23T16:57:37
/opt/airflow/dags/ml_training.py                                0           1  0.18s           2026-01-23T16:57:37
/opt/airflow/dags/bronze_ingestion.py    618  0.00s             0           1  0.80s           2026-01-23T16:57:32
================================================================================
[2026-01-23T16:58:09.327+0000] {manager.py:879} INFO - 
================================================================================
DAG File Processing Stats

File Path                              PID    Runtime      # DAGs    # Errors  Last Runtime    Last Run
-------------------------------------  -----  ---------  --------  ----------  --------------  -------------------
/opt/airflow/dags/gold_processing.py                            0           1  0.07s           2026-01-23T16:58:07
/opt/airflow/dags/ml_training.py                                0           1  0.15s           2026-01-23T16:58:07
/opt/airflow/dags/bronze_ingestion.py                           0           1  0.75s           2026-01-23T16:57:46
================================================================================
[2026-01-23T16:58:39.606+0000] {manager.py:879} INFO - 
================================================================================
DAG File Processing Stats

File Path                              PID    Runtime      # DAGs    # Errors  Last Runtime    Last Run
-------------------------------------  -----  ---------  --------  ----------  --------------  -------------------
/opt/airflow/dags/gold_processing.py                            0           1  0.09s           2026-01-23T16:58:37
/opt/airflow/dags/ml_training.py                                0           1  0.16s           2026-01-23T16:58:37
/opt/airflow/dags/bronze_ingestion.py                           0           1  1.00s           2026-01-23T16:58:18
================================================================================
[2026-01-23T16:59:10.443+0000] {manager.py:879} INFO - 
================================================================================
DAG File Processing Stats

File Path                              PID    Runtime      # DAGs    # Errors  Last Runtime    Last Run
-------------------------------------  -----  ---------  --------  ----------  --------------  -------------------
/opt/airflow/dags/gold_processing.py                            0           1  0.08s           2026-01-23T16:59:08
/opt/airflow/dags/ml_training.py                                0           1  0.16s           2026-01-23T16:59:08
/opt/airflow/dags/bronze_ingestion.py                           0           1  0.82s           2026-01-23T16:58:53
================================================================================
[2026-01-23T16:59:30.597+0000] {manager.py:738} INFO - Searching for files in /opt/airflow/dags
[2026-01-23T16:59:30.613+0000] {manager.py:741} INFO - There are 3 files in /opt/airflow/dags
[2026-01-23T16:59:40.783+0000] {manager.py:879} INFO - 
================================================================================
DAG File Processing Stats

File Path                              PID    Runtime      # DAGs    # Errors  Last Runtime    Last Run
-------------------------------------  -----  ---------  --------  ----------  --------------  -------------------
/opt/airflow/dags/gold_processing.py                            0           1  0.10s           2026-01-23T16:59:38
/opt/airflow/dags/ml_training.py                                0           1  0.23s           2026-01-23T16:59:38
/opt/airflow/dags/bronze_ingestion.py                           1           0  0.88s           2026-01-23T16:59:20
================================================================================
[2026-01-23T17:00:10.880+0000] {manager.py:879} INFO - 
================================================================================
DAG File Processing Stats

File Path                              PID    Runtime      # DAGs    # Errors  Last Runtime    Last Run
-------------------------------------  -----  ---------  --------  ----------  --------------  -------------------
/opt/airflow/dags/gold_processing.py                            0           1  0.07s           2026-01-23T17:00:08
/opt/airflow/dags/ml_training.py                                0           1  0.15s           2026-01-23T17:00:09
/opt/airflow/dags/bronze_ingestion.py                           1           0  0.85s           2026-01-23T16:59:51
================================================================================
[2026-01-23T17:00:41.075+0000] {manager.py:879} INFO - 
================================================================================
DAG File Processing Stats

File Path                              PID    Runtime      # DAGs    # Errors  Last Runtime    Last Run
-------------------------------------  -----  ---------  --------  ----------  --------------  -------------------
/opt/airflow/dags/gold_processing.py                            0           1  0.13s           2026-01-23T17:00:39
/opt/airflow/dags/ml_training.py                                0           1  0.16s           2026-01-23T17:00:40
/opt/airflow/dags/bronze_ingestion.py                           1           0  0.75s           2026-01-23T17:00:22
================================================================================
[2026-01-23T17:01:11.559+0000] {manager.py:879} INFO - 
================================================================================
DAG File Processing Stats

File Path                              PID    Runtime      # DAGs    # Errors  Last Runtime    Last Run
-------------------------------------  -----  ---------  --------  ----------  --------------  -------------------
/opt/airflow/dags/gold_processing.py                            0           1  0.12s           2026-01-23T17:01:09
/opt/airflow/dags/ml_training.py                                0           1  0.17s           2026-01-23T17:01:10
/opt/airflow/dags/bronze_ingestion.py                           1           0  0.72s           2026-01-23T17:00:53
================================================================================
[2026-01-23T17:01:41.772+0000] {manager.py:879} INFO - 
================================================================================
DAG File Processing Stats

File Path                              PID    Runtime      # DAGs    # Errors  Last Runtime    Last Run
-------------------------------------  -----  ---------  --------  ----------  --------------  -------------------
/opt/airflow/dags/gold_processing.py                            0           1  0.08s           2026-01-23T17:01:39
/opt/airflow/dags/ml_training.py                                0           1  0.20s           2026-01-23T17:01:40
/opt/airflow/dags/bronze_ingestion.py                           1           0  0.75s           2026-01-23T17:01:25
================================================================================
[2026-01-23T17:02:11.936+0000] {manager.py:879} INFO - 
================================================================================
DAG File Processing Stats

File Path                              PID    Runtime      # DAGs    # Errors  Last Runtime    Last Run
-------------------------------------  -----  ---------  --------  ----------  --------------  -------------------
/opt/airflow/dags/gold_processing.py                            0           1  0.09s           2026-01-23T17:02:09
/opt/airflow/dags/ml_training.py                                0           1  0.14s           2026-01-23T17:02:11
/opt/airflow/dags/bronze_ingestion.py                           1           0  0.76s           2026-01-23T17:01:56
================================================================================
[2026-01-23T17:02:42.295+0000] {manager.py:879} INFO - 
================================================================================
DAG File Processing Stats

File Path                              PID    Runtime      # DAGs    # Errors  Last Runtime    Last Run
-------------------------------------  -----  ---------  --------  ----------  --------------  -------------------
/opt/airflow/dags/gold_processing.py                            0           1  0.14s           2026-01-23T17:02:40
/opt/airflow/dags/ml_training.py                                0           1  0.23s           2026-01-23T17:02:41
/opt/airflow/dags/bronze_ingestion.py                           1           0  0.95s           2026-01-23T17:02:28
================================================================================
[2026-01-23T17:03:12.605+0000] {manager.py:879} INFO - 
================================================================================
DAG File Processing Stats

File Path                              PID    Runtime      # DAGs    # Errors  Last Runtime    Last Run
-------------------------------------  -----  ---------  --------  ----------  --------------  -------------------
/opt/airflow/dags/gold_processing.py                            0           1  0.06s           2026-01-23T17:03:10
/opt/airflow/dags/ml_training.py                                0           1  0.16s           2026-01-23T17:03:11
/opt/airflow/dags/bronze_ingestion.py                           1           0  0.59s           2026-01-23T17:02:58
================================================================================
[2026-01-23T17:03:42.932+0000] {manager.py:879} INFO - 
================================================================================
DAG File Processing Stats

File Path                              PID    Runtime      # DAGs    # Errors  Last Runtime    Last Run
-------------------------------------  -----  ---------  --------  ----------  --------------  -------------------
/opt/airflow/dags/gold_processing.py                            0           1  0.06s           2026-01-23T17:03:40
/opt/airflow/dags/ml_training.py                                0           1  0.17s           2026-01-23T17:03:42
/opt/airflow/dags/bronze_ingestion.py                           1           0  0.61s           2026-01-23T17:03:30
================================================================================
[2026-01-23T17:04:13.317+0000] {manager.py:879} INFO - 
================================================================================
DAG File Processing Stats

File Path                              PID    Runtime      # DAGs    # Errors  Last Runtime    Last Run
-------------------------------------  -----  ---------  --------  ----------  --------------  -------------------
/opt/airflow/dags/gold_processing.py                            0           1  0.07s           2026-01-23T17:04:11
/opt/airflow/dags/ml_training.py                                0           1  0.16s           2026-01-23T17:04:12
/opt/airflow/dags/bronze_ingestion.py                           1           0  0.71s           2026-01-23T17:04:01
================================================================================
[2026-01-23T17:04:31.400+0000] {manager.py:738} INFO - Searching for files in /opt/airflow/dags
[2026-01-23T17:04:31.410+0000] {manager.py:741} INFO - There are 3 files in /opt/airflow/dags
[2026-01-23T17:04:43.683+0000] {manager.py:879} INFO - 
================================================================================
DAG File Processing Stats

File Path                              PID    Runtime      # DAGs    # Errors  Last Runtime    Last Run
-------------------------------------  -----  ---------  --------  ----------  --------------  -------------------
/opt/airflow/dags/gold_processing.py                            0           1  0.08s           2026-01-23T17:04:41
/opt/airflow/dags/ml_training.py                                0           1  0.21s           2026-01-23T17:04:42
/opt/airflow/dags/bronze_ingestion.py                           1           0  0.63s           2026-01-23T17:04:33
================================================================================
[2026-01-23T17:05:14.188+0000] {manager.py:879} INFO - 
================================================================================
DAG File Processing Stats

File Path                              PID    Runtime      # DAGs    # Errors  Last Runtime    Last Run
-------------------------------------  -----  ---------  --------  ----------  --------------  -------------------
/opt/airflow/dags/gold_processing.py                            0           1  0.07s           2026-01-23T17:05:12
/opt/airflow/dags/ml_training.py                                0           1  0.25s           2026-01-23T17:05:13
/opt/airflow/dags/bronze_ingestion.py                           1           0  0.66s           2026-01-23T17:05:04
================================================================================
[2026-01-23T17:05:44.696+0000] {manager.py:879} INFO - 
================================================================================
DAG File Processing Stats

File Path                              PID    Runtime      # DAGs    # Errors  Last Runtime    Last Run
-------------------------------------  -----  ---------  --------  ----------  --------------  -------------------
/opt/airflow/dags/gold_processing.py                            0           1  0.11s           2026-01-23T17:05:42
/opt/airflow/dags/ml_training.py                                0           1  0.35s           2026-01-23T17:05:43
/opt/airflow/dags/bronze_ingestion.py                           1           0  0.67s           2026-01-23T17:05:35
================================================================================
[2026-01-23T17:06:14.840+0000] {manager.py:879} INFO - 
================================================================================
DAG File Processing Stats

File Path                              PID    Runtime      # DAGs    # Errors  Last Runtime    Last Run
-------------------------------------  -----  ---------  --------  ----------  --------------  -------------------
/opt/airflow/dags/gold_processing.py                            0           1  0.15s           2026-01-23T17:06:13
/opt/airflow/dags/ml_training.py                                0           1  0.53s           2026-01-23T17:06:14
/opt/airflow/dags/bronze_ingestion.py                           1           0  1.26s           2026-01-23T17:06:07
================================================================================
[2026-01-23T17:06:45.478+0000] {manager.py:879} INFO - 
================================================================================
DAG File Processing Stats

File Path                                PID  Runtime      # DAGs    # Errors  Last Runtime    Last Run
-------------------------------------  -----  ---------  --------  ----------  --------------  -------------------
/opt/airflow/dags/gold_processing.py                            0           1  0.17s           2026-01-23T17:06:43
/opt/airflow/dags/ml_training.py         930  0.01s             0           1  0.53s           2026-01-23T17:06:14
/opt/airflow/dags/bronze_ingestion.py                           1           0  1.54s           2026-01-23T17:06:39
================================================================================
[2026-01-23T17:07:16.190+0000] {manager.py:879} INFO - 
================================================================================
DAG File Processing Stats

File Path                                PID  Runtime      # DAGs    # Errors  Last Runtime    Last Run
-------------------------------------  -----  ---------  --------  ----------  --------------  -------------------
/opt/airflow/dags/gold_processing.py                            0           1  0.15s           2026-01-23T17:07:14
/opt/airflow/dags/ml_training.py         969  0.01s             0           1  0.46s           2026-01-23T17:06:45
/opt/airflow/dags/bronze_ingestion.py                           1           0  1.06s           2026-01-23T17:07:11
================================================================================
[2026-01-23T17:07:46.940+0000] {manager.py:879} INFO - 
================================================================================
DAG File Processing Stats

File Path                                PID  Runtime      # DAGs    # Errors  Last Runtime    Last Run
-------------------------------------  -----  ---------  --------  ----------  --------------  -------------------
/opt/airflow/dags/gold_processing.py                            0           1  0.20s           2026-01-23T17:07:44
/opt/airflow/dags/ml_training.py         985  0.10s             0           1  0.29s           2026-01-23T17:07:16
/opt/airflow/dags/bronze_ingestion.py                           1           0  1.48s           2026-01-23T17:07:42
================================================================================
[2026-01-23T17:08:17.255+0000] {manager.py:879} INFO - 
================================================================================
DAG File Processing Stats

File Path                              PID    Runtime      # DAGs    # Errors  Last Runtime    Last Run
-------------------------------------  -----  ---------  --------  ----------  --------------  -------------------
/opt/airflow/dags/gold_processing.py                            0           1  0.15s           2026-01-23T17:08:15
/opt/airflow/dags/ml_training.py                                0           1  0.52s           2026-01-23T17:07:47
/opt/airflow/dags/bronze_ingestion.py                           1           0  1.06s           2026-01-23T17:08:14
================================================================================
[2026-01-23T17:08:47.801+0000] {manager.py:879} INFO - 
================================================================================
DAG File Processing Stats

File Path                                PID  Runtime      # DAGs    # Errors  Last Runtime    Last Run
-------------------------------------  -----  ---------  --------  ----------  --------------  -------------------
/opt/airflow/dags/gold_processing.py                            0           1  0.15s           2026-01-23T17:08:45
/opt/airflow/dags/ml_training.py        1017  0.01s             0           1  0.27s           2026-01-23T17:08:17
/opt/airflow/dags/bronze_ingestion.py                           1           0  1.36s           2026-01-23T17:08:45
================================================================================
[2026-01-23T17:09:17.912+0000] {manager.py:879} INFO - 
================================================================================
DAG File Processing Stats

File Path                              PID    Runtime      # DAGs    # Errors  Last Runtime    Last Run
-------------------------------------  -----  ---------  --------  ----------  --------------  -------------------
/opt/airflow/dags/gold_processing.py                            0           1  0.23s           2026-01-23T17:09:16
/opt/airflow/dags/ml_training.py                                0           1  0.36s           2026-01-23T17:08:48
/opt/airflow/dags/bronze_ingestion.py                           1           0  1.69s           2026-01-23T17:09:17
================================================================================
[2026-01-23T17:09:31.608+0000] {manager.py:738} INFO - Searching for files in /opt/airflow/dags
[2026-01-23T17:09:31.636+0000] {manager.py:741} INFO - There are 3 files in /opt/airflow/dags
[2026-01-23T17:09:47.987+0000] {manager.py:879} INFO - 
================================================================================
DAG File Processing Stats

File Path                                PID  Runtime      # DAGs    # Errors  Last Runtime    Last Run
-------------------------------------  -----  ---------  --------  ----------  --------------  -------------------
/opt/airflow/dags/gold_processing.py                            0           1  0.16s           2026-01-23T17:09:46
/opt/airflow/dags/ml_training.py                                0           1  0.41s           2026-01-23T17:09:18
/opt/airflow/dags/bronze_ingestion.py   1070  0.01s             1           0  1.69s           2026-01-23T17:09:17
================================================================================
[2026-01-23T17:10:18.773+0000] {manager.py:879} INFO - 
================================================================================
DAG File Processing Stats

File Path                              PID    Runtime      # DAGs    # Errors  Last Runtime    Last Run
-------------------------------------  -----  ---------  --------  ----------  --------------  -------------------
/opt/airflow/dags/gold_processing.py                            0           1  0.26s           2026-01-23T17:10:17
/opt/airflow/dags/ml_training.py                                0           1  3.50s           2026-01-23T17:09:52
/opt/airflow/dags/bronze_ingestion.py                           1           0  2.45s           2026-01-23T17:09:50
================================================================================
[2026-01-23T17:10:49.568+0000] {manager.py:879} INFO - 
================================================================================
DAG File Processing Stats

File Path                              PID    Runtime      # DAGs    # Errors  Last Runtime    Last Run
-------------------------------------  -----  ---------  --------  ----------  --------------  -------------------
/opt/airflow/dags/gold_processing.py                            0           1  0.15s           2026-01-23T17:10:48
/opt/airflow/dags/ml_training.py                                0           1  3.55s           2026-01-23T17:10:26
/opt/airflow/dags/bronze_ingestion.py                           1           0  1.48s           2026-01-23T17:10:22
================================================================================
[2026-01-23T17:11:20.178+0000] {manager.py:879} INFO - 
================================================================================
DAG File Processing Stats

File Path                              PID    Runtime      # DAGs    # Errors  Last Runtime    Last Run
-------------------------------------  -----  ---------  --------  ----------  --------------  -------------------
/opt/airflow/dags/gold_processing.py                            0           1  0.16s           2026-01-23T17:11:19
/opt/airflow/dags/ml_training.py                                0           1  1.60s           2026-01-23T17:10:58
/opt/airflow/dags/bronze_ingestion.py                           1           0  1.36s           2026-01-23T17:10:53
================================================================================
[2026-01-23T17:11:50.750+0000] {manager.py:879} INFO - 
================================================================================
DAG File Processing Stats

File Path                              PID    Runtime      # DAGs    # Errors  Last Runtime    Last Run
-------------------------------------  -----  ---------  --------  ----------  --------------  -------------------
/opt/airflow/dags/gold_processing.py                            0           1  0.13s           2026-01-23T17:11:49
/opt/airflow/dags/ml_training.py                                0           1  2.08s           2026-01-23T17:11:30
/opt/airflow/dags/bronze_ingestion.py                           1           0  1.28s           2026-01-23T17:11:25
================================================================================
[2026-01-23T17:12:21.265+0000] {manager.py:879} INFO - 
================================================================================
DAG File Processing Stats

File Path                              PID    Runtime      # DAGs    # Errors  Last Runtime    Last Run
-------------------------------------  -----  ---------  --------  ----------  --------------  -------------------
/opt/airflow/dags/gold_processing.py                            0           1  0.14s           2026-01-23T17:12:20
/opt/airflow/dags/ml_training.py                                0           1  2.10s           2026-01-23T17:12:03
/opt/airflow/dags/bronze_ingestion.py                           1           0  1.44s           2026-01-23T17:11:57
================================================================================
[2026-01-23T17:12:52.193+0000] {manager.py:879} INFO - 
================================================================================
DAG File Processing Stats

File Path                              PID    Runtime      # DAGs    # Errors  Last Runtime    Last Run
-------------------------------------  -----  ---------  --------  ----------  --------------  -------------------
/opt/airflow/dags/gold_processing.py                            0           1  0.12s           2026-01-23T17:12:51
/opt/airflow/dags/ml_training.py                                0           1  0.12s           2026-01-23T17:12:48
/opt/airflow/dags/bronze_ingestion.py                           1           0  1.16s           2026-01-23T17:12:28
================================================================================
[2026-01-23T17:13:22.715+0000] {manager.py:879} INFO - 
================================================================================
DAG File Processing Stats

File Path                              PID    Runtime      # DAGs    # Errors  Last Runtime    Last Run
-------------------------------------  -----  ---------  --------  ----------  --------------  -------------------
/opt/airflow/dags/gold_processing.py                            0           1  0.18s           2026-01-23T17:13:21
/opt/airflow/dags/ml_training.py                                0           1  0.17s           2026-01-23T17:13:21
/opt/airflow/dags/bronze_ingestion.py                           1           0  1.32s           2026-01-23T17:13:00
================================================================================
[2026-01-23T17:13:53.450+0000] {manager.py:879} INFO - 
================================================================================
DAG File Processing Stats

File Path                              PID    Runtime      # DAGs    # Errors  Last Runtime    Last Run
-------------------------------------  -----  ---------  --------  ----------  --------------  -------------------
/opt/airflow/dags/gold_processing.py                            0           1  0.17s           2026-01-23T17:13:52
/opt/airflow/dags/ml_training.py                                0           1  0.14s           2026-01-23T17:13:50
/opt/airflow/dags/bronze_ingestion.py                           1           0  1.15s           2026-01-23T17:13:32
================================================================================
[2026-01-23T17:14:23.497+0000] {manager.py:879} INFO - 
================================================================================
DAG File Processing Stats

File Path                              PID    Runtime      # DAGs    # Errors  Last Runtime    Last Run
-------------------------------------  -----  ---------  --------  ----------  --------------  -------------------
/opt/airflow/dags/gold_processing.py                            0           1  0.13s           2026-01-23T17:14:23
/opt/airflow/dags/ml_training.py                                0           1  0.23s           2026-01-23T17:14:21
/opt/airflow/dags/bronze_ingestion.py                           1           0  1.38s           2026-01-23T17:14:04
================================================================================
[2026-01-23T17:14:31.677+0000] {manager.py:738} INFO - Searching for files in /opt/airflow/dags
[2026-01-23T17:14:31.697+0000] {manager.py:741} INFO - There are 3 files in /opt/airflow/dags
[2026-01-23T17:14:53.661+0000] {manager.py:879} INFO - 
================================================================================
DAG File Processing Stats

File Path                                PID  Runtime      # DAGs    # Errors  Last Runtime    Last Run
-------------------------------------  -----  ---------  --------  ----------  --------------  -------------------
/opt/airflow/dags/gold_processing.py    1372  0.01s             0           1  0.13s           2026-01-23T17:14:23
/opt/airflow/dags/ml_training.py        1369  0.09s             0           1  0.11s           2026-01-23T17:14:51
/opt/airflow/dags/bronze_ingestion.py                           1           0  1.60s           2026-01-23T17:14:36
================================================================================
[2026-01-23T17:15:24.182+0000] {manager.py:879} INFO - 
================================================================================
DAG File Processing Stats

File Path                                PID  Runtime      # DAGs    # Errors  Last Runtime    Last Run
-------------------------------------  -----  ---------  --------  ----------  --------------  -------------------
/opt/airflow/dags/gold_processing.py    1388  0.01s             0           1  0.21s           2026-01-23T17:14:53
/opt/airflow/dags/ml_training.py        1385  0.03s             0           1  0.28s           2026-01-23T17:14:53
/opt/airflow/dags/bronze_ingestion.py                           1           0  1.15s           2026-01-23T17:15:08
================================================================================
[2026-01-23T17:15:54.775+0000] {manager.py:879} INFO - 
================================================================================
DAG File Processing Stats

File Path                                PID  Runtime      # DAGs    # Errors  Last Runtime    Last Run
-------------------------------------  -----  ---------  --------  ----------  --------------  -------------------
/opt/airflow/dags/gold_processing.py    1411  0.00s             0           1  0.23s           2026-01-23T17:15:24
/opt/airflow/dags/ml_training.py                                0           1  0.17s           2026-01-23T17:15:28
/opt/airflow/dags/bronze_ingestion.py                           1           0  1.10s           2026-01-23T17:15:39
================================================================================
[2026-01-23T17:16:25.043+0000] {manager.py:879} INFO - 
================================================================================
DAG File Processing Stats

File Path                                PID  Runtime      # DAGs    # Errors  Last Runtime    Last Run
-------------------------------------  -----  ---------  --------  ----------  --------------  -------------------
/opt/airflow/dags/gold_processing.py    1427  0.00s             0           1  0.07s           2026-01-23T17:15:54
/opt/airflow/dags/ml_training.py                                0           1  0.07s           2026-01-23T17:15:58
/opt/airflow/dags/bronze_ingestion.py                           1           0  0.60s           2026-01-23T17:16:10
================================================================================
[2026-01-23T17:16:55.827+0000] {manager.py:879} INFO - 
================================================================================
DAG File Processing Stats

File Path                                PID  Runtime      # DAGs    # Errors  Last Runtime    Last Run
-------------------------------------  -----  ---------  --------  ----------  --------------  -------------------
/opt/airflow/dags/gold_processing.py    1460  0.01s             0           1  0.09s           2026-01-23T17:16:25
/opt/airflow/dags/ml_training.py                                0           0  0.97s           2026-01-23T17:16:54
/opt/airflow/dags/bronze_ingestion.py                           1           0  0.62s           2026-01-23T17:16:41
================================================================================
[2026-01-23T17:17:26.119+0000] {manager.py:879} INFO - 
================================================================================
DAG File Processing Stats

File Path                                PID  Runtime      # DAGs    # Errors  Last Runtime    Last Run
-------------------------------------  -----  ---------  --------  ----------  --------------  -------------------
/opt/airflow/dags/gold_processing.py    1481  0.01s             0           1  0.10s           2026-01-23T17:16:55
/opt/airflow/dags/ml_training.py        1471  1.03s             0           0  0.97s           2026-01-23T17:16:54
/opt/airflow/dags/bronze_ingestion.py                           1           0  0.68s           2026-01-23T17:17:12
================================================================================
[2026-01-23T17:17:56.447+0000] {manager.py:879} INFO - 
================================================================================
DAG File Processing Stats

File Path                                PID  Runtime      # DAGs    # Errors  Last Runtime    Last Run
-------------------------------------  -----  ---------  --------  ----------  --------------  -------------------
/opt/airflow/dags/gold_processing.py    1494  0.00s             0           1  0.12s           2026-01-23T17:17:26
/opt/airflow/dags/ml_training.py                                0           0  1.48s           2026-01-23T17:17:26
/opt/airflow/dags/bronze_ingestion.py                           1           0  0.83s           2026-01-23T17:17:43
================================================================================
[2026-01-23T17:18:26.668+0000] {manager.py:879} INFO - 
================================================================================
DAG File Processing Stats

File Path                                PID  Runtime      # DAGs    # Errors  Last Runtime    Last Run
-------------------------------------  -----  ---------  --------  ----------  --------------  -------------------
/opt/airflow/dags/gold_processing.py    1517  0.00s             0           1  0.07s           2026-01-23T17:17:56
/opt/airflow/dags/ml_training.py                                0           0  1.04s           2026-01-23T17:17:58
/opt/airflow/dags/bronze_ingestion.py                           1           0  0.68s           2026-01-23T17:18:14
================================================================================
[2026-01-23T17:18:57.246+0000] {manager.py:879} INFO - 
================================================================================
DAG File Processing Stats

File Path                              PID    Runtime      # DAGs    # Errors  Last Runtime    Last Run
-------------------------------------  -----  ---------  --------  ----------  --------------  -------------------
/opt/airflow/dags/ml_training.py                                0           0  0.98s           2026-01-23T17:18:29
/opt/airflow/dags/gold_processing.py                            1           0  0.38s           2026-01-23T17:18:31
/opt/airflow/dags/bronze_ingestion.py                           1           0  0.65s           2026-01-23T17:18:45
================================================================================
[2026-01-23T17:19:27.520+0000] {manager.py:879} INFO - 
================================================================================
DAG File Processing Stats

File Path                              PID    Runtime      # DAGs    # Errors  Last Runtime    Last Run
-------------------------------------  -----  ---------  --------  ----------  --------------  -------------------
/opt/airflow/dags/ml_training.py                                0           0  0.92s           2026-01-23T17:19:01
/opt/airflow/dags/gold_processing.py                            1           0  0.20s           2026-01-23T17:19:01
/opt/airflow/dags/bronze_ingestion.py                           1           0  0.64s           2026-01-23T17:19:16
================================================================================
[2026-01-23T17:19:31.813+0000] {manager.py:738} INFO - Searching for files in /opt/airflow/dags
[2026-01-23T17:19:31.825+0000] {manager.py:741} INFO - There are 3 files in /opt/airflow/dags
[2026-01-23T17:19:57.982+0000] {manager.py:879} INFO - 
================================================================================
DAG File Processing Stats

File Path                              PID    Runtime      # DAGs    # Errors  Last Runtime    Last Run
-------------------------------------  -----  ---------  --------  ----------  --------------  -------------------
/opt/airflow/dags/ml_training.py                                0           0  0.91s           2026-01-23T17:19:32
/opt/airflow/dags/gold_processing.py                            1           0  0.26s           2026-01-23T17:19:31
/opt/airflow/dags/bronze_ingestion.py                           1           0  0.67s           2026-01-23T17:19:48
================================================================================
[2026-01-23T17:20:28.024+0000] {manager.py:879} INFO - 
================================================================================
DAG File Processing Stats

File Path                              PID    Runtime      # DAGs    # Errors  Last Runtime    Last Run
-------------------------------------  -----  ---------  --------  ----------  --------------  -------------------
/opt/airflow/dags/ml_training.py                                0           0  1.01s           2026-01-23T17:20:04
/opt/airflow/dags/gold_processing.py                            1           0  0.20s           2026-01-23T17:20:02
/opt/airflow/dags/bronze_ingestion.py                           1           0  0.64s           2026-01-23T17:20:18
================================================================================
[2026-01-23T17:20:58.228+0000] {manager.py:879} INFO - 
================================================================================
DAG File Processing Stats

File Path                              PID    Runtime      # DAGs    # Errors  Last Runtime    Last Run
-------------------------------------  -----  ---------  --------  ----------  --------------  -------------------
/opt/airflow/dags/ml_training.py                                0           0  1.05s           2026-01-23T17:20:35
/opt/airflow/dags/gold_processing.py                            1           0  0.25s           2026-01-23T17:20:32
/opt/airflow/dags/bronze_ingestion.py                           1           0  0.59s           2026-01-23T17:20:50
================================================================================
[2026-01-23T17:21:28.545+0000] {manager.py:879} INFO - 
================================================================================
DAG File Processing Stats

File Path                              PID    Runtime      # DAGs    # Errors  Last Runtime    Last Run
-------------------------------------  -----  ---------  --------  ----------  --------------  -------------------
/opt/airflow/dags/ml_training.py                                0           0  0.94s           2026-01-23T17:21:06
/opt/airflow/dags/gold_processing.py                            1           0  0.20s           2026-01-23T17:21:03
/opt/airflow/dags/bronze_ingestion.py                           1           0  0.64s           2026-01-23T17:21:21
================================================================================
[2026-01-23T17:21:58.981+0000] {manager.py:879} INFO - 
================================================================================
DAG File Processing Stats

File Path                              PID    Runtime      # DAGs    # Errors  Last Runtime    Last Run
-------------------------------------  -----  ---------  --------  ----------  --------------  -------------------
/opt/airflow/dags/ml_training.py                                0           0  0.88s           2026-01-23T17:21:37
/opt/airflow/dags/gold_processing.py                            1           0  0.20s           2026-01-23T17:21:33
/opt/airflow/dags/bronze_ingestion.py                           1           0  0.63s           2026-01-23T17:21:52
================================================================================
[2026-01-23T17:22:29.028+0000] {manager.py:879} INFO - 
================================================================================
DAG File Processing Stats

File Path                              PID    Runtime      # DAGs    # Errors  Last Runtime    Last Run
-------------------------------------  -----  ---------  --------  ----------  --------------  -------------------
/opt/airflow/dags/ml_training.py                                0           0  0.86s           2026-01-23T17:22:08
/opt/airflow/dags/gold_processing.py                            1           0  0.20s           2026-01-23T17:22:04
/opt/airflow/dags/bronze_ingestion.py                           1           0  0.79s           2026-01-23T17:22:23
================================================================================
[2026-01-23T17:22:59.485+0000] {manager.py:879} INFO - 
================================================================================
DAG File Processing Stats

File Path                              PID    Runtime      # DAGs    # Errors  Last Runtime    Last Run
-------------------------------------  -----  ---------  --------  ----------  --------------  -------------------
/opt/airflow/dags/ml_training.py                                0           0  0.86s           2026-01-23T17:22:40
/opt/airflow/dags/gold_processing.py                            1           0  0.26s           2026-01-23T17:22:35
/opt/airflow/dags/bronze_ingestion.py                           1           0  0.61s           2026-01-23T17:22:53
================================================================================
[2026-01-23T17:23:29.539+0000] {manager.py:879} INFO - 
================================================================================
DAG File Processing Stats

File Path                              PID    Runtime      # DAGs    # Errors  Last Runtime    Last Run
-------------------------------------  -----  ---------  --------  ----------  --------------  -------------------
/opt/airflow/dags/ml_training.py                                0           0  0.89s           2026-01-23T17:23:11
/opt/airflow/dags/gold_processing.py                            1           0  0.21s           2026-01-23T17:23:05
/opt/airflow/dags/bronze_ingestion.py                           1           0  0.77s           2026-01-23T17:23:24
================================================================================
[2026-01-23T17:23:59.957+0000] {manager.py:879} INFO - 
================================================================================
DAG File Processing Stats

File Path                              PID    Runtime      # DAGs    # Errors  Last Runtime    Last Run
-------------------------------------  -----  ---------  --------  ----------  --------------  -------------------
/opt/airflow/dags/ml_training.py                                0           0  0.94s           2026-01-23T17:23:42
/opt/airflow/dags/gold_processing.py                            1           0  0.22s           2026-01-23T17:23:36
/opt/airflow/dags/bronze_ingestion.py                           1           0  0.68s           2026-01-23T17:23:55
================================================================================
[2026-01-23T17:24:30.471+0000] {manager.py:879} INFO - 
================================================================================
DAG File Processing Stats

File Path                              PID    Runtime      # DAGs    # Errors  Last Runtime    Last Run
-------------------------------------  -----  ---------  --------  ----------  --------------  -------------------
/opt/airflow/dags/ml_training.py                                0           0  0.90s           2026-01-23T17:24:13
/opt/airflow/dags/gold_processing.py                            1           0  0.20s           2026-01-23T17:24:07
/opt/airflow/dags/bronze_ingestion.py                           1           0  0.60s           2026-01-23T17:24:26
================================================================================
[2026-01-23T17:24:32.484+0000] {manager.py:738} INFO - Searching for files in /opt/airflow/dags
[2026-01-23T17:24:32.493+0000] {manager.py:741} INFO - There are 3 files in /opt/airflow/dags
[2026-01-23T17:25:00.606+0000] {manager.py:879} INFO - 
================================================================================
DAG File Processing Stats

File Path                              PID    Runtime      # DAGs    # Errors  Last Runtime    Last Run
-------------------------------------  -----  ---------  --------  ----------  --------------  -------------------
/opt/airflow/dags/ml_training.py                                0           0  1.13s           2026-01-23T17:24:45
/opt/airflow/dags/gold_processing.py                            1           0  0.23s           2026-01-23T17:24:37
/opt/airflow/dags/bronze_ingestion.py                           1           0  0.71s           2026-01-23T17:24:57
================================================================================
[2026-01-23T17:25:30.871+0000] {manager.py:879} INFO - 
================================================================================
DAG File Processing Stats

File Path                              PID    Runtime      # DAGs    # Errors  Last Runtime    Last Run
-------------------------------------  -----  ---------  --------  ----------  --------------  -------------------
/opt/airflow/dags/ml_training.py                                0           0  1.05s           2026-01-23T17:25:17
/opt/airflow/dags/gold_processing.py                            1           0  0.22s           2026-01-23T17:25:08
/opt/airflow/dags/bronze_ingestion.py                           1           0  0.70s           2026-01-23T17:25:28
================================================================================
[2026-01-23T17:26:01.199+0000] {manager.py:879} INFO - 
================================================================================
DAG File Processing Stats

File Path                              PID    Runtime      # DAGs    # Errors  Last Runtime    Last Run
-------------------------------------  -----  ---------  --------  ----------  --------------  -------------------
/opt/airflow/dags/ml_training.py                                0           0  1.01s           2026-01-23T17:25:48
/opt/airflow/dags/gold_processing.py                            1           0  0.22s           2026-01-23T17:25:38
/opt/airflow/dags/bronze_ingestion.py                           1           0  0.68s           2026-01-23T17:26:00
================================================================================
[2026-01-23T17:26:31.576+0000] {manager.py:879} INFO - 
================================================================================
DAG File Processing Stats

File Path                              PID    Runtime      # DAGs    # Errors  Last Runtime    Last Run
-------------------------------------  -----  ---------  --------  ----------  --------------  -------------------
/opt/airflow/dags/ml_training.py                                0           0  0.97s           2026-01-23T17:26:19
/opt/airflow/dags/gold_processing.py                            1           0  0.22s           2026-01-23T17:26:08
/opt/airflow/dags/bronze_ingestion.py                           1           0  0.68s           2026-01-23T17:26:31
================================================================================
[2026-01-23T17:27:02.273+0000] {manager.py:879} INFO - 
================================================================================
DAG File Processing Stats

File Path                                PID  Runtime      # DAGs    # Errors  Last Runtime    Last Run
-------------------------------------  -----  ---------  --------  ----------  --------------  -------------------
/opt/airflow/dags/ml_training.py                                0           0  1.10s           2026-01-23T17:26:51
/opt/airflow/dags/gold_processing.py                            1           0  0.23s           2026-01-23T17:26:39
/opt/airflow/dags/bronze_ingestion.py   1907  0.00s             1           0  0.68s           2026-01-23T17:26:31
================================================================================
[2026-01-23T17:27:32.733+0000] {manager.py:879} INFO - 
================================================================================
DAG File Processing Stats

File Path                              PID    Runtime      # DAGs    # Errors  Last Runtime    Last Run
-------------------------------------  -----  ---------  --------  ----------  --------------  -------------------
/opt/airflow/dags/ml_training.py                                0           0  0.98s           2026-01-23T17:27:22
/opt/airflow/dags/gold_processing.py                            1           0  0.23s           2026-01-23T17:27:09
/opt/airflow/dags/bronze_ingestion.py                           1           0  0.79s           2026-01-23T17:27:03
================================================================================
[2026-01-23T17:28:03.242+0000] {manager.py:879} INFO - 
================================================================================
DAG File Processing Stats

File Path                              PID    Runtime      # DAGs    # Errors  Last Runtime    Last Run
-------------------------------------  -----  ---------  --------  ----------  --------------  -------------------
/opt/airflow/dags/ml_training.py                                0           0  1.31s           2026-01-23T17:27:54
/opt/airflow/dags/gold_processing.py                            1           0  0.22s           2026-01-23T17:27:40
/opt/airflow/dags/bronze_ingestion.py                           1           0  0.68s           2026-01-23T17:27:34
================================================================================
[2026-01-23T17:28:19.158+0000] {manager.py:451} INFO - Exiting gracefully upon receiving signal 15
