[2026-01-23T14:05:20.317+0000] {manager.py:469} INFO - Processing files using up to 2 processes at a time 
[2026-01-23T14:05:20.317+0000] {manager.py:470} INFO - Process each file at most once every 30 seconds
[2026-01-23T14:05:20.318+0000] {manager.py:471} INFO - Checking for new files in /opt/airflow/dags every 300 seconds
[2026-01-23T14:05:20.319+0000] {manager.py:738} INFO - Searching for files in /opt/airflow/dags
[2026-01-23T14:05:20.327+0000] {manager.py:741} INFO - There are 0 files in /opt/airflow/dags
[2026-01-23T14:10:11.052+0000] {manager.py:451} INFO - Exiting gracefully upon receiving signal 15
[2026-01-23T14:21:43.810+0000] {manager.py:469} INFO - Processing files using up to 2 processes at a time 
[2026-01-23T14:21:43.812+0000] {manager.py:470} INFO - Process each file at most once every 30 seconds
[2026-01-23T14:21:43.813+0000] {manager.py:471} INFO - Checking for new files in /opt/airflow/dags every 300 seconds
[2026-01-23T14:21:43.813+0000] {manager.py:738} INFO - Searching for files in /opt/airflow/dags
[2026-01-23T14:21:43.829+0000] {manager.py:741} INFO - There are 0 files in /opt/airflow/dags
[2026-01-23T14:25:35.259+0000] {manager.py:451} INFO - Exiting gracefully upon receiving signal 15
[2026-01-23T14:26:58.186+0000] {manager.py:469} INFO - Processing files using up to 2 processes at a time 
[2026-01-23T14:26:58.187+0000] {manager.py:470} INFO - Process each file at most once every 30 seconds
[2026-01-23T14:26:58.188+0000] {manager.py:471} INFO - Checking for new files in /opt/airflow/dags every 300 seconds
[2026-01-23T14:26:58.189+0000] {manager.py:738} INFO - Searching for files in /opt/airflow/dags
[2026-01-23T14:26:58.192+0000] {manager.py:741} INFO - There are 0 files in /opt/airflow/dags
[2026-01-23T14:29:02.438+0000] {manager.py:451} INFO - Exiting gracefully upon receiving signal 15
[2026-01-23T14:33:54.960+0000] {manager.py:469} INFO - Processing files using up to 2 processes at a time 
[2026-01-23T14:33:54.961+0000] {manager.py:470} INFO - Process each file at most once every 30 seconds
[2026-01-23T14:33:54.961+0000] {manager.py:471} INFO - Checking for new files in /opt/airflow/dags every 300 seconds
[2026-01-23T14:33:54.962+0000] {manager.py:738} INFO - Searching for files in /opt/airflow/dags
[2026-01-23T14:33:54.964+0000] {manager.py:741} INFO - There are 0 files in /opt/airflow/dags
[2026-01-23T14:37:22.559+0000] {manager.py:451} INFO - Exiting gracefully upon receiving signal 15
